{
    "page": 1,
    "limit": 10,
    "pages": 1,
    "total": 5,
    "_links": {
        "self": {
            "href": "\/api\/v1\/locales\/?page=1&limit=10"
        },
        "first": {
            "href": "\/api\/v1\/locales\/?page=1&limit=10"
        },
        "last": {
            "href": "\/api\/v1\/locales\/?page=1&limit=10"
        }
    },
    "_embedded": {
        "items": [
            {
                "id": @integer@,
                "code": "en"
            },
            {

                "id": @integer@,
                "code": "nl"
            },
            {

                "id": @integer@,
                "code": "fr"
            },
            {
                "id": @integer@,
                "code": "de"
            },
            {
                "id": @integer@,
                "code": "en_US"
            }
        ]
    }
}
